Deprecated: Function ereg_replace() is deprecated in /Users/tjerk/Documents/php-bc/ereg/ereg.php on line 135
abcdefghi