*** Testing ereg_replace() : usage variations ***
Error: 8 - Undefined variable: undefined_var, /Users/tjerk/Documents/php-bc/ereg/tests/ereg_replace_variation_002.php(64)
Error: 8 - Undefined variable: unset_var, /Users/tjerk/Documents/php-bc/ereg/tests/ereg_replace_variation_002.php(67)

Arg value 0 
Error: 16384 - Function ereg_replace() is deprecated, /Users/tjerk/Documents/php-bc/ereg/ereg.php(135)
string(6) "h0o%21"

Arg value 1 
Error: 16384 - Function ereg_replace() is deprecated, /Users/tjerk/Documents/php-bc/ereg/ereg.php(135)
string(6) "h1o%21"

Arg value 12345 
Error: 16384 - Function ereg_replace() is deprecated, /Users/tjerk/Documents/php-bc/ereg/ereg.php(135)
string(10) "h12345o%21"

Arg value -2345 
Error: 16384 - Function ereg_replace() is deprecated, /Users/tjerk/Documents/php-bc/ereg/ereg.php(135)
string(10) "h-2345o%21"

Arg value 10.5 
Error: 16384 - Function ereg_replace() is deprecated, /Users/tjerk/Documents/php-bc/ereg/ereg.php(135)
string(9) "h10.5o%21"

Arg value -10.5 
Error: 16384 - Function ereg_replace() is deprecated, /Users/tjerk/Documents/php-bc/ereg/ereg.php(135)
string(10) "h-10.5o%21"

Arg value 101234567000 
Error: 16384 - Function ereg_replace() is deprecated, /Users/tjerk/Documents/php-bc/ereg/ereg.php(135)
string(17) "h101234567000o%21"

Arg value 1.07654321E-9 
Error: 16384 - Function ereg_replace() is deprecated, /Users/tjerk/Documents/php-bc/ereg/ereg.php(135)
string(18) "h1.07654321E-9o%21"

Arg value 0.5 
Error: 16384 - Function ereg_replace() is deprecated, /Users/tjerk/Documents/php-bc/ereg/ereg.php(135)
string(8) "h0.5o%21"
Error: 8 - Array to string conversion, /Users/tjerk/Documents/php-bc/ereg/tests/ereg_replace_variation_002.php(73)

Arg value Array 
Error: 16384 - Function ereg_replace() is deprecated, /Users/tjerk/Documents/php-bc/ereg/ereg.php(135)
Error: 2 - preg_replace(): Parameter mismatch, pattern is a string while replacement is an array, /Users/tjerk/Documents/php-bc/ereg/ereg.php(137)
string(0) ""
Error: 8 - Array to string conversion, /Users/tjerk/Documents/php-bc/ereg/tests/ereg_replace_variation_002.php(73)

Arg value Array 
Error: 16384 - Function ereg_replace() is deprecated, /Users/tjerk/Documents/php-bc/ereg/ereg.php(135)
Error: 2 - preg_replace(): Parameter mismatch, pattern is a string while replacement is an array, /Users/tjerk/Documents/php-bc/ereg/ereg.php(137)
string(0) ""
Error: 8 - Array to string conversion, /Users/tjerk/Documents/php-bc/ereg/tests/ereg_replace_variation_002.php(73)

Arg value Array 
Error: 16384 - Function ereg_replace() is deprecated, /Users/tjerk/Documents/php-bc/ereg/ereg.php(135)
Error: 2 - preg_replace(): Parameter mismatch, pattern is a string while replacement is an array, /Users/tjerk/Documents/php-bc/ereg/ereg.php(137)
string(0) ""
Error: 8 - Array to string conversion, /Users/tjerk/Documents/php-bc/ereg/tests/ereg_replace_variation_002.php(73)

Arg value Array 
Error: 16384 - Function ereg_replace() is deprecated, /Users/tjerk/Documents/php-bc/ereg/ereg.php(135)
Error: 2 - preg_replace(): Parameter mismatch, pattern is a string while replacement is an array, /Users/tjerk/Documents/php-bc/ereg/ereg.php(137)
string(0) ""
Error: 8 - Array to string conversion, /Users/tjerk/Documents/php-bc/ereg/tests/ereg_replace_variation_002.php(73)

Arg value Array 
Error: 16384 - Function ereg_replace() is deprecated, /Users/tjerk/Documents/php-bc/ereg/ereg.php(135)
Error: 2 - preg_replace(): Parameter mismatch, pattern is a string while replacement is an array, /Users/tjerk/Documents/php-bc/ereg/ereg.php(137)
string(0) ""

Arg value  
Error: 16384 - Function ereg_replace() is deprecated, /Users/tjerk/Documents/php-bc/ereg/ereg.php(135)
string(5) "ho%21"

Arg value  
Error: 16384 - Function ereg_replace() is deprecated, /Users/tjerk/Documents/php-bc/ereg/ereg.php(135)
string(5) "ho%21"

Arg value 1 
Error: 16384 - Function ereg_replace() is deprecated, /Users/tjerk/Documents/php-bc/ereg/ereg.php(135)
string(6) "h1o%21"

Arg value  
Error: 16384 - Function ereg_replace() is deprecated, /Users/tjerk/Documents/php-bc/ereg/ereg.php(135)
string(5) "ho%21"

Arg value 1 
Error: 16384 - Function ereg_replace() is deprecated, /Users/tjerk/Documents/php-bc/ereg/ereg.php(135)
string(6) "h1o%21"

Arg value  
Error: 16384 - Function ereg_replace() is deprecated, /Users/tjerk/Documents/php-bc/ereg/ereg.php(135)
string(5) "ho%21"

Arg value  
Error: 16384 - Function ereg_replace() is deprecated, /Users/tjerk/Documents/php-bc/ereg/ereg.php(135)
string(5) "ho%21"

Arg value  
Error: 16384 - Function ereg_replace() is deprecated, /Users/tjerk/Documents/php-bc/ereg/ereg.php(135)
string(5) "ho%21"
Error: 4096 - Object of class stdClass could not be converted to string, /Users/tjerk/Documents/php-bc/ereg/tests/ereg_replace_variation_002.php(73)

Arg value  
Error: 16384 - Function ereg_replace() is deprecated, /Users/tjerk/Documents/php-bc/ereg/ereg.php(135)
Error: 4096 - Object of class stdClass could not be converted to string, /Users/tjerk/Documents/php-bc/ereg/ereg.php(137)
Error: 8 - Object of class stdClass to string conversion, /Users/tjerk/Documents/php-bc/ereg/ereg.php(137)
string(11) "hObjecto%21"

Arg value  
Error: 16384 - Function ereg_replace() is deprecated, /Users/tjerk/Documents/php-bc/ereg/ereg.php(135)
string(5) "ho%21"

Arg value  
Error: 16384 - Function ereg_replace() is deprecated, /Users/tjerk/Documents/php-bc/ereg/ereg.php(135)
string(5) "ho%21"
Done