*** Testing eregi_replace() : bad REs ***

Deprecated: Function eregi_replace() is deprecated in /Users/tjerk/Documents/php-bc/ereg/ereg.php on line 157
string(71) "helloshelloohellomhelloehello helloshellothellorhelloihellonhelloghello"

Deprecated: Function eregi_replace() is deprecated in /Users/tjerk/Documents/php-bc/ereg/ereg.php on line 157

Warning: preg_replace(): Compilation failed: missing ) at offset 3 in /Users/tjerk/Documents/php-bc/ereg/ereg.php on line 162
bool(false)

Deprecated: Function eregi_replace() is deprecated in /Users/tjerk/Documents/php-bc/ereg/ereg.php on line 157

Warning: preg_replace(): Compilation failed: missing terminating ] for character class at offset 3 in /Users/tjerk/Documents/php-bc/ereg/ereg.php on line 162
bool(false)

Deprecated: Function eregi_replace() is deprecated in /Users/tjerk/Documents/php-bc/ereg/ereg.php on line 157

Warning: preg_replace(): Compilation failed: missing ) at offset 3 in /Users/tjerk/Documents/php-bc/ereg/ereg.php on line 162
bool(false)

Deprecated: Function eregi_replace() is deprecated in /Users/tjerk/Documents/php-bc/ereg/ereg.php on line 157

Warning: preg_replace(): Compilation failed: nothing to repeat at offset 0 in /Users/tjerk/Documents/php-bc/ereg/ereg.php on line 162
bool(false)

Deprecated: Function eregi_replace() is deprecated in /Users/tjerk/Documents/php-bc/ereg/ereg.php on line 157

Warning: preg_replace(): Compilation failed: nothing to repeat at offset 0 in /Users/tjerk/Documents/php-bc/ereg/ereg.php on line 162
bool(false)

Deprecated: Function eregi_replace() is deprecated in /Users/tjerk/Documents/php-bc/ereg/ereg.php on line 157

Warning: preg_replace(): Compilation failed: nothing to repeat at offset 0 in /Users/tjerk/Documents/php-bc/ereg/ereg.php on line 162
bool(false)

Deprecated: Function eregi_replace() is deprecated in /Users/tjerk/Documents/php-bc/ereg/ereg.php on line 157

Warning: preg_replace(): Compilation failed: nothing to repeat at offset 1 in /Users/tjerk/Documents/php-bc/ereg/ereg.php on line 162
bool(false)

Deprecated: Function eregi_replace() is deprecated in /Users/tjerk/Documents/php-bc/ereg/ereg.php on line 157
string(11) "some string"

Deprecated: Function eregi_replace() is deprecated in /Users/tjerk/Documents/php-bc/ereg/ereg.php on line 157
string(71) "helloshelloohellomhelloehello helloshellothellorhelloihellonhelloghello"

Deprecated: Function eregi_replace() is deprecated in /Users/tjerk/Documents/php-bc/ereg/ereg.php on line 157
string(71) "helloshelloohellomhelloehello helloshellothellorhelloihellonhelloghello"

Deprecated: Function eregi_replace() is deprecated in /Users/tjerk/Documents/php-bc/ereg/ereg.php on line 157

Warning: preg_replace(): Compilation failed: numbers out of order in {} quantifier at offset 5 in /Users/tjerk/Documents/php-bc/ereg/ereg.php on line 162
bool(false)

Deprecated: Function eregi_replace() is deprecated in /Users/tjerk/Documents/php-bc/ereg/ereg.php on line 157
string(11) "somd string"

Deprecated: Function eregi_replace() is deprecated in /Users/tjerk/Documents/php-bc/ereg/ereg.php on line 157

Warning: preg_replace(): No ending delimiter '/' found in /Users/tjerk/Documents/php-bc/ereg/ereg.php on line 162
bool(false)

Deprecated: Function eregi_replace() is deprecated in /Users/tjerk/Documents/php-bc/ereg/ereg.php on line 157

Warning: preg_replace(): Compilation failed: range out of order in character class at offset 4 in /Users/tjerk/Documents/php-bc/ereg/ereg.php on line 162
bool(false)
Done