*** Testing eregi() : usage variations ***
Error: 8 - Undefined variable: undefined_var, /Users/tjerk/Documents/php-bc/ereg/tests/eregi_variation_001.php(65)
Error: 8 - Undefined variable: unset_var, /Users/tjerk/Documents/php-bc/ereg/tests/eregi_variation_001.php(68)

Arg value 0 
Error: 16384 - Function eregi() is deprecated, /Users/tjerk/Documents/php-bc/ereg/ereg.php(108)
bool(false)

Arg value 1 
Error: 16384 - Function eregi() is deprecated, /Users/tjerk/Documents/php-bc/ereg/ereg.php(108)
int(1)

Arg value 12345 
Error: 16384 - Function eregi() is deprecated, /Users/tjerk/Documents/php-bc/ereg/ereg.php(108)
bool(false)

Arg value -2345 
Error: 16384 - Function eregi() is deprecated, /Users/tjerk/Documents/php-bc/ereg/ereg.php(108)
bool(false)

Arg value 10.5 
Error: 16384 - Function eregi() is deprecated, /Users/tjerk/Documents/php-bc/ereg/ereg.php(108)
bool(false)

Arg value -10.5 
Error: 16384 - Function eregi() is deprecated, /Users/tjerk/Documents/php-bc/ereg/ereg.php(108)
bool(false)

Arg value 101234567000 
Error: 16384 - Function eregi() is deprecated, /Users/tjerk/Documents/php-bc/ereg/ereg.php(108)
bool(false)

Arg value 1.07654321E-9 
Error: 16384 - Function eregi() is deprecated, /Users/tjerk/Documents/php-bc/ereg/ereg.php(108)
bool(false)

Arg value 0.5 
Error: 16384 - Function eregi() is deprecated, /Users/tjerk/Documents/php-bc/ereg/ereg.php(108)
bool(false)
Error: 8 - Array to string conversion, /Users/tjerk/Documents/php-bc/ereg/tests/eregi_variation_001.php(74)

Arg value Array 
Error: 16384 - Function eregi() is deprecated, /Users/tjerk/Documents/php-bc/ereg/ereg.php(108)
Error: 2 - addcslashes() expects parameter 1 to be string, array given, /Users/tjerk/Documents/php-bc/ereg/ereg.php(49)
int(1)
Error: 8 - Array to string conversion, /Users/tjerk/Documents/php-bc/ereg/tests/eregi_variation_001.php(74)

Arg value Array 
Error: 16384 - Function eregi() is deprecated, /Users/tjerk/Documents/php-bc/ereg/ereg.php(108)
Error: 2 - addcslashes() expects parameter 1 to be string, array given, /Users/tjerk/Documents/php-bc/ereg/ereg.php(49)
int(1)
Error: 8 - Array to string conversion, /Users/tjerk/Documents/php-bc/ereg/tests/eregi_variation_001.php(74)

Arg value Array 
Error: 16384 - Function eregi() is deprecated, /Users/tjerk/Documents/php-bc/ereg/ereg.php(108)
Error: 2 - addcslashes() expects parameter 1 to be string, array given, /Users/tjerk/Documents/php-bc/ereg/ereg.php(49)
int(1)
Error: 8 - Array to string conversion, /Users/tjerk/Documents/php-bc/ereg/tests/eregi_variation_001.php(74)

Arg value Array 
Error: 16384 - Function eregi() is deprecated, /Users/tjerk/Documents/php-bc/ereg/ereg.php(108)
Error: 2 - addcslashes() expects parameter 1 to be string, array given, /Users/tjerk/Documents/php-bc/ereg/ereg.php(49)
int(1)
Error: 8 - Array to string conversion, /Users/tjerk/Documents/php-bc/ereg/tests/eregi_variation_001.php(74)

Arg value Array 
Error: 16384 - Function eregi() is deprecated, /Users/tjerk/Documents/php-bc/ereg/ereg.php(108)
Error: 2 - addcslashes() expects parameter 1 to be string, array given, /Users/tjerk/Documents/php-bc/ereg/ereg.php(49)
int(1)

Arg value  
Error: 16384 - Function eregi() is deprecated, /Users/tjerk/Documents/php-bc/ereg/ereg.php(108)
int(1)

Arg value  
Error: 16384 - Function eregi() is deprecated, /Users/tjerk/Documents/php-bc/ereg/ereg.php(108)
int(1)

Arg value 1 
Error: 16384 - Function eregi() is deprecated, /Users/tjerk/Documents/php-bc/ereg/ereg.php(108)
int(1)

Arg value  
Error: 16384 - Function eregi() is deprecated, /Users/tjerk/Documents/php-bc/ereg/ereg.php(108)
int(1)

Arg value 1 
Error: 16384 - Function eregi() is deprecated, /Users/tjerk/Documents/php-bc/ereg/ereg.php(108)
int(1)

Arg value  
Error: 16384 - Function eregi() is deprecated, /Users/tjerk/Documents/php-bc/ereg/ereg.php(108)
int(1)

Arg value  
Error: 16384 - Function eregi() is deprecated, /Users/tjerk/Documents/php-bc/ereg/ereg.php(108)
int(1)

Arg value  
Error: 16384 - Function eregi() is deprecated, /Users/tjerk/Documents/php-bc/ereg/ereg.php(108)
int(1)
Error: 4096 - Object of class stdClass could not be converted to string, /Users/tjerk/Documents/php-bc/ereg/tests/eregi_variation_001.php(74)

Arg value  
Error: 16384 - Function eregi() is deprecated, /Users/tjerk/Documents/php-bc/ereg/ereg.php(108)
Error: 4096 - Object of class stdClass could not be converted to string, /Users/tjerk/Documents/php-bc/ereg/ereg.php(46)
int(1)

Arg value  
Error: 16384 - Function eregi() is deprecated, /Users/tjerk/Documents/php-bc/ereg/ereg.php(108)
int(1)

Arg value  
Error: 16384 - Function eregi() is deprecated, /Users/tjerk/Documents/php-bc/ereg/ereg.php(108)
int(1)
Done