*** Testing split() : error conditions ***

Deprecated: Function split() is deprecated in /Users/tjerk/Documents/php-bc/ereg/ereg.php on line 179
array(7) {
  [0]=>
  string(0) ""
  [1]=>
  string(1) "h"
  [2]=>
  string(1) "e"
  [3]=>
  string(1) "l"
  [4]=>
  string(1) "l"
  [5]=>
  string(1) "o"
  [6]=>
  string(0) ""
}

Deprecated: Function split() is deprecated in /Users/tjerk/Documents/php-bc/ereg/ereg.php on line 179

Warning: preg_split(): Compilation failed: missing ) at offset 3 in /Users/tjerk/Documents/php-bc/ereg/ereg.php on line 185
bool(false)

Deprecated: Function split() is deprecated in /Users/tjerk/Documents/php-bc/ereg/ereg.php on line 179

Warning: preg_split(): Compilation failed: missing terminating ] for character class at offset 3 in /Users/tjerk/Documents/php-bc/ereg/ereg.php on line 185
bool(false)

Deprecated: Function split() is deprecated in /Users/tjerk/Documents/php-bc/ereg/ereg.php on line 179

Warning: preg_split(): Compilation failed: missing ) at offset 3 in /Users/tjerk/Documents/php-bc/ereg/ereg.php on line 185
bool(false)

Deprecated: Function split() is deprecated in /Users/tjerk/Documents/php-bc/ereg/ereg.php on line 179

Warning: preg_split(): Compilation failed: nothing to repeat at offset 0 in /Users/tjerk/Documents/php-bc/ereg/ereg.php on line 185
bool(false)

Deprecated: Function split() is deprecated in /Users/tjerk/Documents/php-bc/ereg/ereg.php on line 179

Warning: preg_split(): Compilation failed: nothing to repeat at offset 0 in /Users/tjerk/Documents/php-bc/ereg/ereg.php on line 185
bool(false)

Deprecated: Function split() is deprecated in /Users/tjerk/Documents/php-bc/ereg/ereg.php on line 179

Warning: preg_split(): Compilation failed: nothing to repeat at offset 0 in /Users/tjerk/Documents/php-bc/ereg/ereg.php on line 185
bool(false)

Deprecated: Function split() is deprecated in /Users/tjerk/Documents/php-bc/ereg/ereg.php on line 179
array(1) {
  [0]=>
  string(5) "hello"
}

Deprecated: Function split() is deprecated in /Users/tjerk/Documents/php-bc/ereg/ereg.php on line 179
array(1) {
  [0]=>
  string(5) "hello"
}

Deprecated: Function split() is deprecated in /Users/tjerk/Documents/php-bc/ereg/ereg.php on line 179
array(7) {
  [0]=>
  string(0) ""
  [1]=>
  string(0) ""
  [2]=>
  string(1) "e"
  [3]=>
  string(1) "l"
  [4]=>
  string(1) "l"
  [5]=>
  string(1) "o"
  [6]=>
  string(0) ""
}

Deprecated: Function split() is deprecated in /Users/tjerk/Documents/php-bc/ereg/ereg.php on line 179
array(7) {
  [0]=>
  string(0) ""
  [1]=>
  string(1) "h"
  [2]=>
  string(1) "e"
  [3]=>
  string(1) "l"
  [4]=>
  string(1) "l"
  [5]=>
  string(1) "o"
  [6]=>
  string(0) ""
}

Deprecated: Function split() is deprecated in /Users/tjerk/Documents/php-bc/ereg/ereg.php on line 179

Warning: preg_split(): Compilation failed: numbers out of order in {} quantifier at offset 5 in /Users/tjerk/Documents/php-bc/ereg/ereg.php on line 185
bool(false)

Deprecated: Function split() is deprecated in /Users/tjerk/Documents/php-bc/ereg/ereg.php on line 179
array(1) {
  [0]=>
  string(1) "d"
}

Deprecated: Function split() is deprecated in /Users/tjerk/Documents/php-bc/ereg/ereg.php on line 179

Warning: preg_split(): No ending delimiter '/' found in /Users/tjerk/Documents/php-bc/ereg/ereg.php on line 185
bool(false)

Deprecated: Function split() is deprecated in /Users/tjerk/Documents/php-bc/ereg/ereg.php on line 179
array(1) {
  [0]=>
  string(1) "1"
}
string(8) "original"
Done